// Jest Snapshot v1, https://goo.gl/fbAQLP

exports[`renders correctly 1`] = `
<View
  style={
    Object {
      "borderBottomColor": "#CCC",
      "borderBottomWidth": 1,
    }
  }
>
  <Text
    accessible={true}
    allowFontScaling={true}
    disabled={false}
    ellipsizeMode="tail"
    style={
      Object {
        "backgroundColor": "#F2F2F2",
        "fontSize": 20,
        "padding": 15,
        "paddingTop": 25,
        "textAlign": "center",
      }
    }
  >
    Read
  </Text>
</View>
`;
